# 2026-09-15T15:18:44-04:00
# Linux shs1 6.11.0-rc3-snp-host-85ef1ac03941 #2 SMP Fri Sep 27 13:59:12 EDT 2024 x86_64 x86_64 x86_64 GNU/Linux
# go version go1.26.3 linux/amd64
# nproc=64 loadavg=2.65 2.74 2.19
# cpufreq governor=conservative
# net.core.rmem_max=212992

2026/09/15 15:18:44 failed to sufficiently increase receive buffer size (was: 208 kiB, wanted: 7168 kiB, got: 416 kiB). See https://github.com/quic-go/quic-go/wiki/UDP-Buffer-Sizes for details.
parent pid 1757133: QUIC 127.0.0.1:37021 -> 127.0.0.1:41720, control socket @ticket22-e1-1757133
child pid 1757228: received fd 7 over SCM_RIGHTS, tag "stream"
run 1/7 done
child pid 1757344: received fd 7 over SCM_RIGHTS, tag "stream"
run 2/7 done
child pid 1757537: received fd 7 over SCM_RIGHTS, tag "stream"
run 3/7 done
child pid 1757628: received fd 7 over SCM_RIGHTS, tag "stream"
run 4/7 done
child pid 1757846: received fd 7 over SCM_RIGHTS, tag "stream"
run 5/7 done
child pid 1757939: received fd 7 over SCM_RIGHTS, tag "stream"
run 6/7 done
child pid 1758166: received fd 7 over SCM_RIGHTS, tag "stream"
run 7/7 done
child pid 1758285: received fd 7 over SCM_RIGHTS, tag "echo"
child pid 1758291: received fd 7 over SCM_RIGHTS, tag "udp"
runs=7  go=go1.26.3  quic-go v0.59.0  kernel=6.11.0-rc3-snp-host-85ef1ac03941
round-trip byte verification: 0 mismatches across every phase of every run

phase              metric                     direct      proxied        delta    ratio
lat-64B            median RTT (us)            175.30       407.56      +232.26    2.325
lat-64B            best RTT (us)              109.12       181.12       +72.00    1.660
lat-64B            p90 RTT (us)               301.46       606.91      +305.45    2.013
lat-4KiB           median RTT (us)            532.83       748.40      +215.56    1.405
lat-4KiB           best RTT (us)              290.55       382.23       +91.68    1.316
lat-4KiB           p90 RTT (us)               732.21      1029.92      +297.71    1.407
bulk-up-64MiB      throughput (MiB/s)         134.57       102.96       -31.61    0.765
bulk-down-64MiB    throughput (MiB/s)         133.25       117.76       -15.49    0.884

bare socketpair round trip to the child, 64 B, no QUIC (the floor the proxy pays twice over):
  median 34.48 us, best 21.23 us, p90 53.30 us over 2000 round trips

UDP socket descriptor passed to the child:
  getpeername_err    transport endpoint is not connected
  getsockname        &{37021 [127 0 0 1] {0 0 [0 0 0 0] [0 0 0 0 0 0 0 0]}}
  parent_local_addr  127.0.0.1:37021
  parent_peer_addr   127.0.0.1:41720
  recvfrom_err       resource temporarily unavailable
  so_type            2 (SOCK_DGRAM=2, SOCK_STREAM=1)
  write_err          destination address required
wrote /home/pniroula/Projects/gvisor-t22/docs/snp/evidence/ticket22/spikes/E1/results-2.json
