candidate:   Installed: 6.17.0-1022.25   Candidate: 7.0.0-1011.11~24.04.1 
Preconfiguring packages ...
Setting up libllvm19:amd64 (1:19.1.1-1ubuntu1~24.04.2) ...
Setting up libdebuginfod-common (0.190-1.1ubuntu0.1) ...
Setting up linux-modules-7.0.0-1011-gcp (7.0.0-1011.11~24.04.1) ...
Setting up linux-gcp-7.0-headers-7.0.0-1011 (7.0.0-1011.11~24.04.1) ...
Setting up libdebuginfod1t64:amd64 (0.190-1.1ubuntu0.1) ...
Setting up linux-image-7.0.0-1011-gcp (7.0.0-1011.11~24.04.1) ...
I: /boot/vmlinuz is now a symlink to vmlinuz-7.0.0-1011-gcp
I: /boot/initrd.img is now a symlink to initrd.img-7.0.0-1011-gcp
Setting up linux-headers-7.0.0-1011-gcp (7.0.0-1011.11~24.04.1) ...
Setting up linux-headers-gcp (7.0.0-1011.11~24.04.1) ...
Setting up linux-image-gcp (7.0.0-1011.11~24.04.1) ...
Setting up linux-gcp-7.0-tools-7.0.0-1011 (7.0.0-1011.11~24.04.1) ...
Setting up linux-tools-7.0.0-1011-gcp (7.0.0-1011.11~24.04.1) ...
Setting up linux-gcp (7.0.0-1011.11~24.04.1) ...
Processing triggers for man-db (2.12.0-4build2) ...
Processing triggers for libc-bin (2.39-0ubuntu8.8) ...
Processing triggers for linux-image-7.0.0-1011-gcp (7.0.0-1011.11~24.04.1) ...
/etc/kernel/postinst.d/initramfs-tools:
update-initramfs: Generating /boot/initrd.img-7.0.0-1011-gcp
/etc/kernel/postinst.d/zz-update-grub:
Sourcing file `/etc/default/grub'
Sourcing file `/etc/default/grub.d/40-force-partuuid.cfg'
Sourcing file `/etc/default/grub.d/50-cloudimg-settings.cfg'
Generating grub configuration file ...
Warning: Requested serial terminal but GRUB_SERIAL_COMMAND is unspecified. Default parameters will be used.
GRUB_FORCE_PARTUUID is set, will attempt initrdless boot
Found linux image: /boot/vmlinuz-7.0.0-1011-gcp
Found initrd image: /boot/initrd.img-7.0.0-1011-gcp
Found linux image: /boot/vmlinuz-6.17.0-1022-gcp
Found initrd image: /boot/initrd.img-6.17.0-1022-gcp
Warning: os-prober will not be executed to detect other bootable partitions.
Systems on them will not be added to the GRUB boot configuration.
Check GRUB_DISABLE_OS_PROBER documentation entry.
Adding boot menu entry for UEFI Firmware Settings ...
done

No services need to be restarted.

No containers need to be restarted.

No user sessions are running outdated binaries.

No VM guests are running outdated hypervisor (qemu) binaries on this host.
kernels on disk now: /boot/vmlinuz-6.17.0-1022-gcp /boot/vmlinuz-7.0.0-1011-gcp 
